[2026-08-24T09:01:17] ======================================================================
[2026-08-24T09:01:17] Imagenes OFF · 29,460 productos, 28,642 de OFF
[2026-08-24T09:01:17] --muestra 300: solo se miden 300
[2026-08-24T09:01:17] Resueltos: 0 · pendientes: 300 · hilos: 6
[2026-08-24T09:02:25] Comprobados 300 en 1.1 min · 0 fallos de red (se reintentan al relanzar)
[2026-08-24T09:02:25] MUESTRA: 106/300 con imagen (35 %). No se escribe el snapshot.
[2026-08-24T10:27:34] ======================================================================
[2026-08-24T10:27:34] Imagenes OFF · 29,460 productos, 28,642 de OFF
[2026-08-24T10:27:34] Resueltos: 300 · pendientes: 28,342 · hilos: 6
[2026-08-24T10:29:33]     500/28,342 · 4.2/s · con imagen 351 · faltan ~110 min
[2026-08-24T10:32:13]     1,000/28,342 · 3.6/s · con imagen 521 · faltan ~127 min
[2026-08-24T10:34:27]     1,500/28,342 · 3.6/s · con imagen 754 · faltan ~123 min
[2026-08-24T10:36:32]     2,000/28,342 · 3.7/s · con imagen 965 · faltan ~118 min
[2026-08-24T10:38:35]     2,500/28,342 · 3.8/s · con imagen 1,153 · faltan ~114 min
[2026-08-24T10:41:03]     3,000/28,342 · 3.7/s · con imagen 1,307 · faltan ~114 min
[2026-08-24T10:43:41]     3,500/28,342 · 3.6/s · con imagen 1,498 · faltan ~114 min
[2026-08-24T10:46:02]     4,000/28,342 · 3.6/s · con imagen 1,866 · faltan ~112 min
[2026-08-24T10:48:37]     4,500/28,342 · 3.6/s · con imagen 2,096 · faltan ~111 min
[2026-08-24T10:51:08]     5,000/28,342 · 3.5/s · con imagen 2,275 · faltan ~110 min
[2026-08-24T10:53:12]     5,500/28,342 · 3.6/s · con imagen 2,454 · faltan ~106 min
[2026-08-24T10:54:43]     6,000/28,342 · 3.7/s · con imagen 2,637 · faltan ~101 min
[2026-08-24T10:56:18]     6,500/28,342 · 3.8/s · con imagen 2,843 · faltan ~97 min
[2026-08-24T10:57:22]     7,000/28,342 · 3.9/s · con imagen 3,199 · faltan ~91 min
[2026-08-24T10:58:39]     7,500/28,342 · 4.0/s · con imagen 3,510 · faltan ~86 min
[2026-08-24T10:59:53]     8,000/28,342 · 4.1/s · con imagen 3,827 · faltan ~82 min
[2026-08-24T11:02:19]     8,500/28,342 · 4.1/s · con imagen 4,071 · faltan ~81 min
[2026-08-24T11:05:09]     9,000/28,342 · 4.0/s · con imagen 4,288 · faltan ~81 min
[2026-08-24T11:07:30]     9,500/28,342 · 4.0/s · con imagen 4,511 · faltan ~79 min
[2026-08-24T11:09:44]     10,000/28,342 · 4.0/s · con imagen 4,729 · faltan ~77 min
[2026-08-24T11:11:11]     10,500/28,342 · 4.0/s · con imagen 5,136 · faltan ~74 min
[2026-08-24T11:13:32]     11,000/28,342 · 4.0/s · con imagen 5,347 · faltan ~72 min
[2026-08-24T11:15:17]     11,500/28,342 · 4.0/s · con imagen 5,557 · faltan ~70 min
[2026-08-24T11:16:54]     12,000/28,342 · 4.1/s · con imagen 5,862 · faltan ~67 min
[2026-08-24T11:18:13]     12,500/28,342 · 4.1/s · con imagen 6,319 · faltan ~64 min
[2026-08-24T11:21:06]     13,000/28,342 · 4.0/s · con imagen 6,531 · faltan ~63 min
[2026-08-24T11:23:42]     13,500/28,342 · 4.0/s · con imagen 6,719 · faltan ~62 min
[2026-08-24T11:25:37]     14,000/28,342 · 4.0/s · con imagen 6,940 · faltan ~59 min
[2026-08-24T11:27:55]     14,500/28,342 · 4.0/s · con imagen 7,193 · faltan ~58 min
[2026-08-24T11:29:42]     15,000/28,342 · 4.0/s · con imagen 7,415 · faltan ~55 min
[2026-08-24T11:31:19]     15,500/28,342 · 4.1/s · con imagen 7,795 · faltan ~53 min
[2026-08-24T11:32:35]     16,000/28,342 · 4.1/s · con imagen 8,280 · faltan ~50 min
[2026-08-24T11:33:49]     16,500/28,342 · 4.2/s · con imagen 8,754 · faltan ~48 min
[2026-08-24T11:34:47]     17,000/28,342 · 4.2/s · con imagen 9,252 · faltan ~45 min
[2026-08-24T11:36:00]     17,500/28,342 · 4.3/s · con imagen 9,741 · faltan ~42 min
[2026-08-24T11:37:14]     18,000/28,342 · 4.3/s · con imagen 10,232 · faltan ~40 min
[2026-08-24T11:38:22]     18,500/28,342 · 4.4/s · con imagen 10,730 · faltan ~38 min
[2026-08-24T11:39:25]     19,000/28,342 · 4.4/s · con imagen 11,220 · faltan ~35 min
[2026-08-24T11:40:25]     19,500/28,342 · 4.5/s · con imagen 11,700 · faltan ~33 min
[2026-08-24T11:41:27]     20,000/28,342 · 4.5/s · con imagen 12,196 · faltan ~31 min
[2026-08-24T11:42:39]     20,500/28,342 · 4.6/s · con imagen 12,666 · faltan ~29 min
[2026-08-24T11:43:44]     21,000/28,342 · 4.6/s · con imagen 13,155 · faltan ~27 min
[2026-08-24T11:44:59]     21,500/28,342 · 4.6/s · con imagen 13,631 · faltan ~25 min
[2026-08-24T11:46:12]     22,000/28,342 · 4.7/s · con imagen 14,126 · faltan ~23 min
[2026-08-24T11:47:52]     22,500/28,342 · 4.7/s · con imagen 14,599 · faltan ~21 min
[2026-08-24T11:49:05]     23,000/28,342 · 4.7/s · con imagen 15,079 · faltan ~19 min
[2026-08-24T11:50:39]     23,500/28,342 · 4.7/s · con imagen 15,553 · faltan ~17 min
[2026-08-24T11:51:50]     24,000/28,342 · 4.7/s · con imagen 16,036 · faltan ~15 min
[2026-08-24T11:53:11]     24,500/28,342 · 4.8/s · con imagen 16,507 · faltan ~13 min
[2026-08-24T11:54:33]     25,000/28,342 · 4.8/s · con imagen 16,998 · faltan ~12 min
[2026-08-24T11:55:27]     25,500/28,342 · 4.8/s · con imagen 17,494 · faltan ~10 min
[2026-08-24T11:56:36]     26,000/28,342 · 4.9/s · con imagen 17,989 · faltan ~8 min
[2026-08-24T11:58:24]     26,500/28,342 · 4.9/s · con imagen 18,385 · faltan ~6 min
[2026-08-24T11:59:49]     27,000/28,342 · 4.9/s · con imagen 18,849 · faltan ~5 min
[2026-08-24T12:01:02]     27,500/28,342 · 4.9/s · con imagen 19,328 · faltan ~3 min
[2026-08-24T12:02:12]     28,000/28,342 · 4.9/s · con imagen 19,809 · faltan ~1 min
[2026-08-24T12:02:54] Comprobados 28,335 en 95.3 min · 7 fallos de red (se reintentan al relanzar)
[2026-08-24T12:02:55] Escrito datasets\2026-07\productos_merged.json: 20,139 con imagen, 8,503 sin ella, 818 no-OFF en null
[2026-08-24T20:26:11] ======================================================================
[2026-08-24T20:26:11] Imagenes OFF · 29,508 productos, 28,690 de OFF
[2026-08-24T20:26:11] Resueltos: 28,635 · pendientes: 55 · hilos: 6
[2026-08-24T20:26:16] Comprobados 55 en 0.1 min · 0 fallos de red (se reintentan al relanzar)
[2026-08-24T20:26:17] Escrito datasets\2026-07\productos_merged.json: 20,187 con imagen, 8,503 sin ella, 818 no-OFF en null
