[2026-07-30T18:51:33.750360] ======================================================================
[2026-07-30T18:51:33.750984] TIER 2 - T2.1: Descarga OFF Masivo (OPCIÓN B)
[2026-07-30T18:51:33.751234] ======================================================================
[2026-07-30T18:51:33.751496] [OFF] Descargando export masivo (~2GB)...
[2026-07-30T18:51:33.751671]       URL: https://world.openfoodfacts.org/data/en.openfoodfacts.org.products.csv.gz
[2026-07-30T18:51:34.670769]       Progreso: 0%
[2026-07-30T18:54:03.532495]       Progreso: 100%
[2026-07-30T18:54:03.535476] [OFF] Descarga completada: D:\Users\mcalderon\off_export.csv.gz
[2026-07-30T18:54:03.535826] [ETL] Descomprimiendo y filtrando OFF...
[2026-07-30T18:54:03.970313]       Leídas 10000 filas...
[2026-07-30T18:54:04.410452]       Leídas 20000 filas...
[2026-07-30T18:54:04.811466]       Leídas 30000 filas...
[2026-07-30T18:54:05.225863]       Leídas 40000 filas...
[2026-07-30T18:54:05.726467]       Leídas 50000 filas...
[2026-07-30T18:54:06.214592]       Leídas 60000 filas...
[2026-07-30T18:54:06.698749]       Leídas 70000 filas...
[2026-07-30T18:54:07.197937]       Leídas 80000 filas...
[2026-07-30T18:54:07.638383]       Leídas 90000 filas...
[2026-07-30T18:54:08.127745]       Leídas 100000 filas...
[2026-07-30T18:54:08.663538]       Leídas 110000 filas...
[2026-07-30T18:54:09.127316]       Leídas 120000 filas...
[2026-07-30T18:54:09.607919]       Leídas 130000 filas...
[2026-07-30T18:54:10.082314]       Leídas 140000 filas...
[2026-07-30T18:54:10.552074]       Leídas 150000 filas...
[2026-07-30T18:54:10.991283]       Leídas 160000 filas...
[2026-07-30T18:54:11.604399]       Leídas 170000 filas...
[2026-07-30T18:54:12.066768]       Leídas 180000 filas...
[2026-07-30T18:54:12.509430]       Leídas 190000 filas...
[2026-07-30T18:54:12.930153]       Leídas 200000 filas...
[2026-07-30T18:54:13.495727]       Leídas 210000 filas...
[2026-07-30T18:54:14.104875]       Leídas 220000 filas...
[2026-07-30T18:54:14.649865]       Leídas 230000 filas...
[2026-07-30T18:54:15.084154]       Leídas 240000 filas...
[2026-07-30T18:54:15.651931]       Leídas 250000 filas...
[2026-07-30T18:54:16.130308]       Leídas 260000 filas...
[2026-07-30T18:54:16.635278]       Leídas 270000 filas...
[2026-07-30T18:54:17.370614]       Leídas 280000 filas...
[2026-07-30T18:54:17.840756]       Leídas 290000 filas...
[2026-07-30T18:54:18.258701]       Leídas 300000 filas...
[2026-07-30T18:54:18.840772]       Leídas 310000 filas...
[2026-07-30T18:54:19.408972]       Leídas 320000 filas...
[2026-07-30T18:54:20.085609]       Leídas 330000 filas...
[2026-07-30T18:54:20.531880]       Leídas 340000 filas...
[2026-07-30T18:54:20.992014]       Leídas 350000 filas...
[2026-07-30T18:54:21.459069]       Leídas 360000 filas...
[2026-07-30T18:54:21.871412]       Leídas 370000 filas...
[2026-07-30T18:54:22.293252]       Leídas 380000 filas...
[2026-07-30T18:54:22.906250]       Leídas 390000 filas...
[2026-07-30T18:54:23.339532]       Leídas 400000 filas...
[2026-07-30T18:54:23.808182]       Leídas 410000 filas...
[2026-07-30T18:54:24.234444]       Leídas 420000 filas...
[2026-07-30T18:54:24.691977]       Leídas 430000 filas...
[2026-07-30T18:54:25.138841]       Leídas 440000 filas...
[2026-07-30T18:54:25.713522]       Leídas 450000 filas...
[2026-07-30T18:54:26.132915]       Leídas 460000 filas...
[2026-07-30T18:54:26.637219]       Leídas 470000 filas...
[2026-07-30T18:54:27.117568]       Leídas 480000 filas...
[2026-07-30T18:54:27.537167]       Leídas 490000 filas...
[2026-07-30T18:54:27.994184]       Leídas 500000 filas...
[2026-07-30T18:54:28.499611]       Leídas 510000 filas...
[2026-07-30T18:54:28.926741]       Leídas 520000 filas...
[2026-07-30T18:54:29.412476]       Leídas 530000 filas...
[2026-07-30T18:54:29.764335]       Leídas 540000 filas...
[2026-07-30T18:54:30.215556]       Leídas 550000 filas...
[2026-07-30T18:54:30.779325]       Leídas 560000 filas...
[2026-07-30T18:54:31.336058]       Leídas 570000 filas...
[2026-07-30T18:54:31.807166]       Leídas 580000 filas...
[2026-07-30T18:54:32.258497]       Leídas 590000 filas...
[2026-07-30T18:54:32.661433]       Leídas 600000 filas...
[2026-07-30T18:54:33.046962]       Leídas 610000 filas...
[2026-07-30T18:54:33.493847]       Leídas 620000 filas...
[2026-07-30T18:54:34.238248]       Leídas 630000 filas...
[2026-07-30T18:54:34.721225]       Leídas 640000 filas...
[2026-07-30T18:54:35.216069]       Leídas 650000 filas...
[2026-07-30T18:54:35.657497]       Leídas 660000 filas...
[2026-07-30T18:54:36.102174]       Leídas 670000 filas...
[2026-07-30T18:54:36.680605]       Leídas 680000 filas...
[2026-07-30T18:54:37.245626]       Leídas 690000 filas...
[2026-07-30T18:54:37.749812]       Leídas 700000 filas...
[2026-07-30T18:54:38.429280]       Leídas 710000 filas...
[2026-07-30T18:54:39.072928]       Leídas 720000 filas...
[2026-07-30T18:54:39.771515]       Leídas 730000 filas...
[2026-07-30T18:54:40.296611]       Leídas 740000 filas...
[2026-07-30T18:54:40.862486]       Leídas 750000 filas...
[2026-07-30T18:54:41.426901]       Leídas 760000 filas...
[2026-07-30T18:54:41.970850]       Leídas 770000 filas...
[2026-07-30T18:54:42.608285]       Leídas 780000 filas...
[2026-07-30T18:54:43.162136]       Leídas 790000 filas...
[2026-07-30T18:54:43.680295]       Leídas 800000 filas...
[2026-07-30T18:54:44.213288]       Leídas 810000 filas...
[2026-07-30T18:54:44.692501]       Leídas 820000 filas...
[2026-07-30T18:54:45.338924]       Leídas 830000 filas...
[2026-07-30T18:54:45.976863]       Leídas 840000 filas...
[2026-07-30T18:54:46.543187]       Leídas 850000 filas...
[2026-07-30T18:54:47.163446]       Leídas 860000 filas...
[2026-07-30T18:54:47.697231]       Leídas 870000 filas...
[2026-07-30T18:54:48.331533]       Leídas 880000 filas...
[2026-07-30T18:54:48.766227]       Leídas 890000 filas...
[2026-07-30T18:54:49.207647]       Leídas 900000 filas...
[2026-07-30T18:54:49.594037]       Leídas 910000 filas...
[2026-07-30T18:54:50.040901]       Leídas 920000 filas...
[2026-07-30T18:54:50.591357]       Leídas 930000 filas...
[2026-07-30T18:54:51.217931]       Leídas 940000 filas...
[2026-07-30T18:54:51.720612]       Leídas 950000 filas...
[2026-07-30T18:54:52.290861]       Leídas 960000 filas...
[2026-07-30T18:54:52.949736]       Leídas 970000 filas...
[2026-07-30T18:54:53.667125]       Leídas 980000 filas...
[2026-07-30T18:54:54.281724]       Leídas 990000 filas...
[2026-07-30T18:54:54.800449]       Leídas 1000000 filas...
[2026-07-30T18:54:55.246330]       Leídas 1010000 filas...
[2026-07-30T18:54:55.664397]       Leídas 1020000 filas...
[2026-07-30T18:54:56.111112]       Leídas 1030000 filas...
[2026-07-30T18:54:56.761798]       Leídas 1040000 filas...
[2026-07-30T18:54:57.408974]       Leídas 1050000 filas...
[2026-07-30T18:54:58.038368]       Leídas 1060000 filas...
[2026-07-30T18:54:58.454195]       Leídas 1070000 filas...
[2026-07-30T18:54:58.863855]       Leídas 1080000 filas...
[2026-07-30T18:54:59.416504]       Leídas 1090000 filas...
[2026-07-30T18:54:59.944434]       Leídas 1100000 filas...
[2026-07-30T18:55:00.369003]       Leídas 1110000 filas...
[2026-07-30T18:55:00.836208]       Leídas 1120000 filas...
[2026-07-30T18:55:01.386427]       Leídas 1130000 filas...
[2026-07-30T18:55:01.804118]       Leídas 1140000 filas...
[2026-07-30T18:55:02.412774]       Leídas 1150000 filas...
[2026-07-30T18:55:02.907362]       Leídas 1160000 filas...
[2026-07-30T18:55:03.315693]       Leídas 1170000 filas...
[2026-07-30T18:55:03.755963]       Leídas 1180000 filas...
[2026-07-30T18:55:04.194912]       Leídas 1190000 filas...
[2026-07-30T18:55:04.623028]       Leídas 1200000 filas...
[2026-07-30T18:55:05.223092]       Leídas 1210000 filas...
[2026-07-30T18:55:05.781386]       Leídas 1220000 filas...
[2026-07-30T18:55:06.200557]       Leídas 1230000 filas...
[2026-07-30T18:55:06.620108]       Leídas 1240000 filas...
[2026-07-30T18:55:07.056382]       Leídas 1250000 filas...
[2026-07-30T18:55:07.514060]       Leídas 1260000 filas...
[2026-07-30T18:55:08.133838]       Leídas 1270000 filas...
[2026-07-30T18:55:08.696040]       Leídas 1280000 filas...
[2026-07-30T18:55:09.227847]       Leídas 1290000 filas...
[2026-07-30T18:55:09.775072]       Leídas 1300000 filas...
[2026-07-30T18:55:10.281685]       Leídas 1310000 filas...
[2026-07-30T18:55:10.923319]       Leídas 1320000 filas...
[2026-07-30T18:55:11.728179]       Leídas 1330000 filas...
[2026-07-30T18:55:12.248464]       Leídas 1340000 filas...
[2026-07-30T18:55:12.780567]       Leídas 1350000 filas...
[2026-07-30T18:55:13.197869]       Leídas 1360000 filas...
[2026-07-30T18:55:13.679055]       Leídas 1370000 filas...
[2026-07-30T18:55:14.262165]       Leídas 1380000 filas...
[2026-07-30T18:55:14.692636]       Leídas 1390000 filas...
[2026-07-30T18:55:15.197891]       Leídas 1400000 filas...
[2026-07-30T18:55:15.652741]       Leídas 1410000 filas...
[2026-07-30T18:55:16.161439]       Leídas 1420000 filas...
[2026-07-30T18:55:16.647516]       Leídas 1430000 filas...
[2026-07-30T18:55:17.122243]       Leídas 1440000 filas...
[2026-07-30T18:55:17.537964]       Leídas 1450000 filas...
[2026-07-30T18:55:18.129110]       Leídas 1460000 filas...
[2026-07-30T18:55:18.533686]       Leídas 1470000 filas...
[2026-07-30T18:55:18.934634]       Leídas 1480000 filas...
[2026-07-30T18:55:19.479785]       Leídas 1490000 filas...
[2026-07-30T18:55:19.990753]       Leídas 1500000 filas...
[2026-07-30T18:55:20.413479]       Leídas 1510000 filas...
[2026-07-30T18:55:20.784863]       Leídas 1520000 filas...
[2026-07-30T18:55:21.219767]       Leídas 1530000 filas...
[2026-07-30T18:55:21.646821]       Leídas 1540000 filas...
[2026-07-30T18:55:22.307152]       Leídas 1550000 filas...
[2026-07-30T18:55:22.838282]       Leídas 1560000 filas...
[2026-07-30T18:55:23.257625]       Leídas 1570000 filas...
[2026-07-30T18:55:23.716985]       Leídas 1580000 filas...
[2026-07-30T18:55:24.163932]       Leídas 1590000 filas...
[2026-07-30T18:55:24.593228]       Leídas 1600000 filas...
[2026-07-30T18:55:25.300800]       Leídas 1610000 filas...
[2026-07-30T18:55:25.860499]       Leídas 1620000 filas...
[2026-07-30T18:55:26.332950]       Leídas 1630000 filas...
[2026-07-30T18:55:26.768802]       Leídas 1640000 filas...
[2026-07-30T18:55:27.393198]       Leídas 1650000 filas...
[2026-07-30T18:55:28.675872]       Leídas 1660000 filas...
[2026-07-30T18:55:29.507335]       Leídas 1670000 filas...
[2026-07-30T18:55:30.123933]       Leídas 1680000 filas...
[2026-07-30T18:55:30.643104]       Leídas 1690000 filas...
[2026-07-30T18:55:31.399678]       Leídas 1700000 filas...
[2026-07-30T18:55:32.007954]       Leídas 1710000 filas...
[2026-07-30T18:55:32.584825]       Leídas 1720000 filas...
[2026-07-30T18:55:33.291373]       Leídas 1730000 filas...
[2026-07-30T18:55:34.035524]       Leídas 1740000 filas...
[2026-07-30T18:55:34.756979]       Leídas 1750000 filas...
[2026-07-30T18:55:35.373485]       Leídas 1760000 filas...
[2026-07-30T18:55:36.061380]       Leídas 1770000 filas...
[2026-07-30T18:55:36.826410]       Leídas 1780000 filas...
[2026-07-30T18:55:37.548351]       Leídas 1790000 filas...
[2026-07-30T18:55:38.255979]       Leídas 1800000 filas...
[2026-07-30T18:55:38.849163]       Leídas 1810000 filas...
[2026-07-30T18:55:39.652598]       Leídas 1820000 filas...
[2026-07-30T18:55:40.203381]       Leídas 1830000 filas...
[2026-07-30T18:55:40.782043]       Leídas 1840000 filas...
[2026-07-30T18:55:41.372384]       Leídas 1850000 filas...
[2026-07-30T18:55:41.903071]       Leídas 1860000 filas...
[2026-07-30T18:55:42.563128]       Leídas 1870000 filas...
[2026-07-30T18:55:43.067441]       Leídas 1880000 filas...
[2026-07-30T18:55:43.667257]       Leídas 1890000 filas...
[2026-07-30T18:55:44.218632]       Leídas 1900000 filas...
[2026-07-30T18:55:44.759533]       Leídas 1910000 filas...
[2026-07-30T18:55:45.409913]       Leídas 1920000 filas...
[2026-07-30T18:55:45.997088]       Leídas 1930000 filas...
[2026-07-30T18:55:46.539192]       Leídas 1940000 filas...
[2026-07-30T18:55:47.218861]       Leídas 1950000 filas...
[2026-07-30T18:55:47.788978]       Leídas 1960000 filas...
[2026-07-30T18:55:48.476751]       Leídas 1970000 filas...
[2026-07-30T18:55:48.973536]       Leídas 1980000 filas...
[2026-07-30T18:55:49.475713]       Leídas 1990000 filas...
[2026-07-30T18:55:49.963297]       Leídas 2000000 filas...
[2026-07-30T18:55:50.172004] [ETL] ERROR procesando CSV: field larger than field limit (131072)
[2026-07-30T18:55:50.179309] [ERROR] No se filtraron productos
[2026-07-30T18:56:04.340589] ======================================================================
[2026-07-30T18:56:04.341076] TIER 2 - T2.1: Descarga OFF Masivo (OPCIÓN B)
[2026-07-30T18:56:04.341332] ======================================================================
[2026-07-30T18:56:04.343062] [OFF] Export ya descargado: D:\Users\mcalderon\off_export.csv.gz (1.2 GB)
[2026-07-30T18:56:04.343369] [ETL] Descomprimiendo y filtrando OFF...
[2026-07-30T18:56:04.808085]       Leídas 10000 filas...
[2026-07-30T18:56:05.305370]       Leídas 20000 filas...
[2026-07-30T18:56:05.725941]       Leídas 30000 filas...
[2026-07-30T18:56:06.117675]       Leídas 40000 filas...
[2026-07-30T18:56:06.632786]       Leídas 50000 filas...
[2026-07-30T18:56:07.083118]       Leídas 60000 filas...
[2026-07-30T18:56:07.515873]       Leídas 70000 filas...
[2026-07-30T18:56:07.960221]       Leídas 80000 filas...
[2026-07-30T18:56:08.359409]       Leídas 90000 filas...
[2026-07-30T18:56:08.774498]       Leídas 100000 filas...
[2026-07-30T18:56:09.185931]       Leídas 110000 filas...
[2026-07-30T18:56:09.598290]       Leídas 120000 filas...
[2026-07-30T18:56:10.046847]       Leídas 130000 filas...
[2026-07-30T18:56:10.512160]       Leídas 140000 filas...
[2026-07-30T18:56:10.956917]       Leídas 150000 filas...
[2026-07-30T18:56:11.358834]       Leídas 160000 filas...
[2026-07-30T18:56:11.740483]       Leídas 170000 filas...
[2026-07-30T18:56:12.174970]       Leídas 180000 filas...
[2026-07-30T18:56:12.576708]       Leídas 190000 filas...
[2026-07-30T18:56:12.981954]       Leídas 200000 filas...
[2026-07-30T18:56:13.395024]       Leídas 210000 filas...
[2026-07-30T18:56:13.822724]       Leídas 220000 filas...
[2026-07-30T18:56:14.208960]       Leídas 230000 filas...
[2026-07-30T18:56:14.603430]       Leídas 240000 filas...
[2026-07-30T18:56:15.046033]       Leídas 250000 filas...
[2026-07-30T18:56:15.526910]       Leídas 260000 filas...
[2026-07-30T18:56:15.988753]       Leídas 270000 filas...
[2026-07-30T18:56:16.455579]       Leídas 280000 filas...
[2026-07-30T18:56:16.900350]       Leídas 290000 filas...
[2026-07-30T18:56:17.341951]       Leídas 300000 filas...
[2026-07-30T18:56:17.779350]       Leídas 310000 filas...
[2026-07-30T18:56:18.232981]       Leídas 320000 filas...
[2026-07-30T18:56:18.824560]       Leídas 330000 filas...
[2026-07-30T18:56:19.374571]       Leídas 340000 filas...
[2026-07-30T18:56:19.884175]       Leídas 350000 filas...
[2026-07-30T18:56:20.327239]       Leídas 360000 filas...
[2026-07-30T18:56:20.725863]       Leídas 370000 filas...
[2026-07-30T18:56:21.121936]       Leídas 380000 filas...
[2026-07-30T18:56:21.544094]       Leídas 390000 filas...
[2026-07-30T18:56:21.954197]       Leídas 400000 filas...
[2026-07-30T18:56:22.466345]       Leídas 410000 filas...
[2026-07-30T18:56:22.936437]       Leídas 420000 filas...
[2026-07-30T18:56:23.528350]       Leídas 430000 filas...
[2026-07-30T18:56:23.982924]       Leídas 440000 filas...
[2026-07-30T18:56:24.415168]       Leídas 450000 filas...
[2026-07-30T18:56:24.816933]       Leídas 460000 filas...
[2026-07-30T18:56:25.308954]       Leídas 470000 filas...
[2026-07-30T18:56:25.835778]       Leídas 480000 filas...
[2026-07-30T18:56:26.305187]       Leídas 490000 filas...
[2026-07-30T18:56:26.763040]       Leídas 500000 filas...
[2026-07-30T18:56:27.186501]       Leídas 510000 filas...
[2026-07-30T18:56:27.721353]       Leídas 520000 filas...
[2026-07-30T18:56:28.282519]       Leídas 530000 filas...
[2026-07-30T18:56:28.764544]       Leídas 540000 filas...
[2026-07-30T18:56:29.257299]       Leídas 550000 filas...
[2026-07-30T18:56:29.712114]       Leídas 560000 filas...
[2026-07-30T18:56:30.119398]       Leídas 570000 filas...
[2026-07-30T18:56:30.625963]       Leídas 580000 filas...
[2026-07-30T18:56:31.052294]       Leídas 590000 filas...
[2026-07-30T18:56:31.489824]       Leídas 600000 filas...
[2026-07-30T18:56:31.905340]       Leídas 610000 filas...
[2026-07-30T18:56:32.327858]       Leídas 620000 filas...
[2026-07-30T18:56:32.752259]       Leídas 630000 filas...
[2026-07-30T18:56:33.190833]       Leídas 640000 filas...
[2026-07-30T18:56:33.565889]       Leídas 650000 filas...
[2026-07-30T18:56:33.911646]       Leídas 660000 filas...
[2026-07-30T18:56:34.384733]       Leídas 670000 filas...
[2026-07-30T18:56:34.801200]       Leídas 680000 filas...
[2026-07-30T18:56:35.326492]       Leídas 690000 filas...
[2026-07-30T18:56:35.794787]       Leídas 700000 filas...
[2026-07-30T18:56:36.305648]       Leídas 710000 filas...
[2026-07-30T18:56:36.744958]       Leídas 720000 filas...
[2026-07-30T18:56:37.205463]       Leídas 730000 filas...
[2026-07-30T18:56:37.657632]       Leídas 740000 filas...
[2026-07-30T18:56:38.192478]       Leídas 750000 filas...
[2026-07-30T18:56:38.849382]       Leídas 760000 filas...
[2026-07-30T18:56:39.382529]       Leídas 770000 filas...
[2026-07-30T18:56:39.851079]       Leídas 780000 filas...
[2026-07-30T18:56:40.399508]       Leídas 790000 filas...
[2026-07-30T18:56:40.934050]       Leídas 800000 filas...
[2026-07-30T18:56:41.477836]       Leídas 810000 filas...
[2026-07-30T18:56:41.960309]       Leídas 820000 filas...
[2026-07-30T18:56:42.433237]       Leídas 830000 filas...
[2026-07-30T18:56:42.909308]       Leídas 840000 filas...
[2026-07-30T18:56:43.469346]       Leídas 850000 filas...
[2026-07-30T18:56:44.051853]       Leídas 860000 filas...
[2026-07-30T18:56:44.569862]       Leídas 870000 filas...
[2026-07-30T18:56:45.084575]       Leídas 880000 filas...
[2026-07-30T18:56:45.566140]       Leídas 890000 filas...
[2026-07-30T18:56:46.016361]       Leídas 900000 filas...
[2026-07-30T18:56:46.480639]       Leídas 910000 filas...
[2026-07-30T18:56:46.965272]       Leídas 920000 filas...
[2026-07-30T18:56:47.706898]       Leídas 930000 filas...
[2026-07-30T18:56:48.343042]       Leídas 940000 filas...
[2026-07-30T18:56:48.813035]       Leídas 950000 filas...
[2026-07-30T18:56:49.383439]       Leídas 960000 filas...
[2026-07-30T18:56:49.903887]       Leídas 970000 filas...
[2026-07-30T18:56:50.398937]       Leídas 980000 filas...
[2026-07-30T18:56:50.817197]       Leídas 990000 filas...
[2026-07-30T18:56:51.194389]       Leídas 1000000 filas...
[2026-07-30T18:56:51.780949]       Leídas 1010000 filas...
[2026-07-30T18:56:52.265935]       Leídas 1020000 filas...
[2026-07-30T18:56:52.804013]       Leídas 1030000 filas...
[2026-07-30T18:56:53.341528]       Leídas 1040000 filas...
[2026-07-30T18:56:53.805652]       Leídas 1050000 filas...
[2026-07-30T18:56:54.509216]       Leídas 1060000 filas...
[2026-07-30T18:56:54.974236]       Leídas 1070000 filas...
[2026-07-30T18:56:55.389710]       Leídas 1080000 filas...
[2026-07-30T18:56:55.799984]       Leídas 1090000 filas...
[2026-07-30T18:56:56.217040]       Leídas 1100000 filas...
[2026-07-30T18:56:56.655939]       Leídas 1110000 filas...
[2026-07-30T18:56:57.054180]       Leídas 1120000 filas...
[2026-07-30T18:56:57.579537]       Leídas 1130000 filas...
[2026-07-30T18:56:58.446949]       Leídas 1140000 filas...
[2026-07-30T18:56:59.001904]       Leídas 1150000 filas...
[2026-07-30T18:56:59.491958]       Leídas 1160000 filas...
[2026-07-30T18:56:59.945102]       Leídas 1170000 filas...
[2026-07-30T18:57:00.440843]       Leídas 1180000 filas...
[2026-07-30T18:57:00.964864]       Leídas 1190000 filas...
[2026-07-30T18:57:01.425685]       Leídas 1200000 filas...
[2026-07-30T18:57:01.837030]       Leídas 1210000 filas...
[2026-07-30T18:57:02.271783]       Leídas 1220000 filas...
[2026-07-30T18:57:02.824885]       Leídas 1230000 filas...
[2026-07-30T18:57:03.294545]       Leídas 1240000 filas...
[2026-07-30T18:57:03.698708]       Leídas 1250000 filas...
[2026-07-30T18:57:04.110860]       Leídas 1260000 filas...
[2026-07-30T18:57:04.557326]       Leídas 1270000 filas...
[2026-07-30T18:57:05.064715]       Leídas 1280000 filas...
[2026-07-30T18:57:06.009275]       Leídas 1290000 filas...
[2026-07-30T18:57:06.541911]       Leídas 1300000 filas...
[2026-07-30T18:57:06.999300]       Leídas 1310000 filas...
[2026-07-30T18:57:07.496971]       Leídas 1320000 filas...
[2026-07-30T18:57:08.031544]       Leídas 1330000 filas...
[2026-07-30T18:57:08.533836]       Leídas 1340000 filas...
[2026-07-30T18:57:08.940615]       Leídas 1350000 filas...
[2026-07-30T18:57:09.341675]       Leídas 1360000 filas...
[2026-07-30T18:57:09.824194]       Leídas 1370000 filas...
[2026-07-30T18:57:10.230560]       Leídas 1380000 filas...
[2026-07-30T18:57:10.613985]       Leídas 1390000 filas...
[2026-07-30T18:57:11.003959]       Leídas 1400000 filas...
[2026-07-30T18:57:11.411145]       Leídas 1410000 filas...
[2026-07-30T18:57:11.839622]       Leídas 1420000 filas...
[2026-07-30T18:57:12.261376]       Leídas 1430000 filas...
[2026-07-30T18:57:12.673671]       Leídas 1440000 filas...
[2026-07-30T18:57:13.288632]       Leídas 1450000 filas...
[2026-07-30T18:57:13.861720]       Leídas 1460000 filas...
[2026-07-30T18:57:14.367233]       Leídas 1470000 filas...
[2026-07-30T18:57:14.853905]       Leídas 1480000 filas...
[2026-07-30T18:57:15.440275]       Leídas 1490000 filas...
[2026-07-30T18:57:16.255523]       Leídas 1500000 filas...
[2026-07-30T18:57:16.774145]       Leídas 1510000 filas...
[2026-07-30T18:57:17.333862]       Leídas 1520000 filas...
[2026-07-30T18:57:17.930541]       Leídas 1530000 filas...
[2026-07-30T18:57:18.570376]       Leídas 1540000 filas...
[2026-07-30T18:57:19.334861]       Leídas 1550000 filas...
[2026-07-30T18:57:19.942751]       Leídas 1560000 filas...
[2026-07-30T18:57:20.551819]       Leídas 1570000 filas...
[2026-07-30T18:57:21.307160]       Leídas 1580000 filas...
[2026-07-30T18:57:21.862759]       Leídas 1590000 filas...
[2026-07-30T18:57:22.425053]       Leídas 1600000 filas...
[2026-07-30T18:57:23.032613]       Leídas 1610000 filas...
[2026-07-30T18:57:23.661542]       Leídas 1620000 filas...
[2026-07-30T18:57:24.437933]       Leídas 1630000 filas...
[2026-07-30T18:57:24.904385]       Leídas 1640000 filas...
[2026-07-30T18:57:25.501783]       Leídas 1650000 filas...
[2026-07-30T18:57:26.103188]       Leídas 1660000 filas...
[2026-07-30T18:57:26.670938]       Leídas 1670000 filas...
[2026-07-30T18:57:27.760319]       Leídas 1680000 filas...
[2026-07-30T18:57:28.392365]       Leídas 1690000 filas...
[2026-07-30T18:57:28.924258]       Leídas 1700000 filas...
[2026-07-30T18:57:29.477474]       Leídas 1710000 filas...
[2026-07-30T18:57:30.223162]       Leídas 1720000 filas...
[2026-07-30T18:57:31.014048]       Leídas 1730000 filas...
[2026-07-30T18:57:31.679221]       Leídas 1740000 filas...
[2026-07-30T18:57:32.385373]       Leídas 1750000 filas...
[2026-07-30T18:57:33.068093]       Leídas 1760000 filas...
[2026-07-30T18:57:33.794248]       Leídas 1770000 filas...
[2026-07-30T18:57:34.554409]       Leídas 1780000 filas...
[2026-07-30T18:57:35.233575]       Leídas 1790000 filas...
[2026-07-30T18:57:35.918739]       Leídas 1800000 filas...
[2026-07-30T18:57:36.584465]       Leídas 1810000 filas...
[2026-07-30T18:57:37.211157]       Leídas 1820000 filas...
[2026-07-30T18:57:37.814299]       Leídas 1830000 filas...
[2026-07-30T18:57:38.418772]       Leídas 1840000 filas...
[2026-07-30T18:57:39.081694]       Leídas 1850000 filas...
[2026-07-30T18:57:39.834506]       Leídas 1860000 filas...
[2026-07-30T18:57:40.628273]       Leídas 1870000 filas...
[2026-07-30T18:57:41.178246]       Leídas 1880000 filas...
[2026-07-30T18:57:41.728926]       Leídas 1890000 filas...
[2026-07-30T18:57:42.278720]       Leídas 1900000 filas...
[2026-07-30T18:57:42.835249]       Leídas 1910000 filas...
[2026-07-30T18:57:43.351901]       Leídas 1920000 filas...
[2026-07-30T18:57:43.918453]       Leídas 1930000 filas...
[2026-07-30T18:57:44.857781]       Leídas 1940000 filas...
[2026-07-30T18:57:45.731544]       Leídas 1950000 filas...
[2026-07-30T18:57:46.703843]       Leídas 1960000 filas...
[2026-07-30T18:57:47.554255]       Leídas 1970000 filas...
[2026-07-30T18:57:48.238565]       Leídas 1980000 filas...
[2026-07-30T18:57:49.318295]       Leídas 1990000 filas...
[2026-07-30T18:57:50.226804]       Leídas 2000000 filas...
[2026-07-30T18:57:50.548108] [ETL] ERROR procesando CSV: field larger than field limit (1000000)
[2026-07-30T18:57:50.557139] [ERROR] No se filtraron productos
[2026-07-30T18:58:15.701234] ======================================================================
[2026-07-30T18:58:15.702325] TIER 2 - T2.1: Descarga OFF Masivo (OPCIÓN B)
[2026-07-30T18:58:15.702892] ======================================================================
[2026-07-30T18:58:15.703871] [OFF] Export ya descargado: D:\Users\mcalderon\off_export.csv.gz (1.2 GB)
[2026-07-30T18:58:15.704342] [ETL] Descomprimiendo y filtrando OFF...
[2026-07-30T18:58:16.311209]       Leídas 10000 filas...
[2026-07-30T18:58:16.770445]       Leídas 20000 filas...
[2026-07-30T18:58:17.201308]       Leídas 30000 filas...
[2026-07-30T18:58:17.654061]       Leídas 40000 filas...
[2026-07-30T18:58:18.292780]       Leídas 50000 filas...
[2026-07-30T18:58:18.938900]       Leídas 60000 filas...
[2026-07-30T18:58:19.681147]       Leídas 70000 filas...
[2026-07-30T18:58:20.437922]       Leídas 80000 filas...
[2026-07-30T18:58:20.926667]       Leídas 90000 filas...
[2026-07-30T18:58:21.440909]       Leídas 100000 filas...
[2026-07-30T18:58:22.238327]       Leídas 110000 filas...
[2026-07-30T18:58:22.862170]       Leídas 120000 filas...
[2026-07-30T18:58:23.432282]       Leídas 130000 filas...
[2026-07-30T18:58:23.912727]       Leídas 140000 filas...
[2026-07-30T18:58:24.495308]       Leídas 150000 filas...
[2026-07-30T18:58:25.250336]       Leídas 160000 filas...
[2026-07-30T18:58:25.961925]       Leídas 170000 filas...
[2026-07-30T18:58:26.588485]       Leídas 180000 filas...
[2026-07-30T18:58:27.441017]       Leídas 190000 filas...
[2026-07-30T18:58:28.422910]       Leídas 200000 filas...
[2026-07-30T18:58:29.396207]       Leídas 210000 filas...
[2026-07-30T18:58:29.912425]       Leídas 220000 filas...
[2026-07-30T18:58:30.490220]       Leídas 230000 filas...
[2026-07-30T18:58:31.046250]       Leídas 240000 filas...
[2026-07-30T18:58:31.637918]       Leídas 250000 filas...
[2026-07-30T18:58:32.233184]       Leídas 260000 filas...
[2026-07-30T18:58:32.720910]       Leídas 270000 filas...
[2026-07-30T18:58:33.160966]       Leídas 280000 filas...
[2026-07-30T18:58:33.616985]       Leídas 290000 filas...
[2026-07-30T18:58:34.077944]       Leídas 300000 filas...
[2026-07-30T18:58:34.679597]       Leídas 310000 filas...
[2026-07-30T18:58:35.211865]       Leídas 320000 filas...
[2026-07-30T18:58:35.664924]       Leídas 330000 filas...
[2026-07-30T18:58:36.068700]       Leídas 340000 filas...
[2026-07-30T18:58:36.532211]       Leídas 350000 filas...
[2026-07-30T18:58:36.956922]       Leídas 360000 filas...
[2026-07-30T18:58:37.419799]       Leídas 370000 filas...
[2026-07-30T18:58:37.881486]       Leídas 380000 filas...
[2026-07-30T18:58:38.369740]       Leídas 390000 filas...
[2026-07-30T18:58:38.948717]       Leídas 400000 filas...
[2026-07-30T18:58:39.569549]       Leídas 410000 filas...
[2026-07-30T18:58:40.170626]       Leídas 420000 filas...
[2026-07-30T18:58:40.647356]       Leídas 430000 filas...
[2026-07-30T18:58:41.134632]       Leídas 440000 filas...
[2026-07-30T18:58:41.566961]       Leídas 450000 filas...
[2026-07-30T18:58:42.015213]       Leídas 460000 filas...
[2026-07-30T18:58:42.524611]       Leídas 470000 filas...
[2026-07-30T18:58:42.951481]       Leídas 480000 filas...
[2026-07-30T18:58:43.392872]       Leídas 490000 filas...
[2026-07-30T18:58:43.866252]       Leídas 500000 filas...
[2026-07-30T18:58:44.272639]       Leídas 510000 filas...
[2026-07-30T18:58:44.696594]       Leídas 520000 filas...
[2026-07-30T18:58:45.261931]       Leídas 530000 filas...
[2026-07-30T18:58:45.683192]       Leídas 540000 filas...
[2026-07-30T18:58:46.216497]       Leídas 550000 filas...
[2026-07-30T18:58:46.802923]       Leídas 560000 filas...
[2026-07-30T18:58:47.306990]       Leídas 570000 filas...
[2026-07-30T18:58:47.725174]       Leídas 580000 filas...
[2026-07-30T18:58:48.131184]       Leídas 590000 filas...
[2026-07-30T18:58:48.541039]       Leídas 600000 filas...
[2026-07-30T18:58:48.923118]       Leídas 610000 filas...
[2026-07-30T18:58:49.346793]       Leídas 620000 filas...
[2026-07-30T18:58:50.175613]       Leídas 630000 filas...
[2026-07-30T18:58:50.694911]       Leídas 640000 filas...
[2026-07-30T18:58:51.086680]       Leídas 650000 filas...
[2026-07-30T18:58:51.445693]       Leídas 660000 filas...
[2026-07-30T18:58:51.811658]       Leídas 670000 filas...
[2026-07-30T18:58:52.187927]       Leídas 680000 filas...
[2026-07-30T18:58:52.549308]       Leídas 690000 filas...
[2026-07-30T18:58:52.992366]       Leídas 700000 filas...
[2026-07-30T18:58:53.497855]       Leídas 710000 filas...
[2026-07-30T18:58:54.042790]       Leídas 720000 filas...
[2026-07-30T18:58:54.502661]       Leídas 730000 filas...
[2026-07-30T18:58:54.931028]       Leídas 740000 filas...
[2026-07-30T18:58:55.360847]       Leídas 750000 filas...
[2026-07-30T18:58:55.799919]       Leídas 760000 filas...
[2026-07-30T18:58:56.306164]       Leídas 770000 filas...
[2026-07-30T18:58:56.855365]       Leídas 780000 filas...
[2026-07-30T18:58:57.317595]       Leídas 790000 filas...
[2026-07-30T18:58:57.834781]       Leídas 800000 filas...
[2026-07-30T18:58:58.615748]       Leídas 810000 filas...
[2026-07-30T18:58:59.387115]       Leídas 820000 filas...
[2026-07-30T18:58:59.983200]       Leídas 830000 filas...
[2026-07-30T18:59:00.552905]       Leídas 840000 filas...
[2026-07-30T18:59:01.178147]       Leídas 850000 filas...
[2026-07-30T18:59:01.788498]       Leídas 860000 filas...
[2026-07-30T18:59:02.491161]       Leídas 870000 filas...
[2026-07-30T18:59:03.164826]       Leídas 880000 filas...
[2026-07-30T18:59:03.795738]       Leídas 890000 filas...
[2026-07-30T18:59:04.423092]       Leídas 900000 filas...
[2026-07-30T18:59:05.034055]       Leídas 910000 filas...
[2026-07-30T18:59:05.606840]       Leídas 920000 filas...
[2026-07-30T18:59:06.191864]       Leídas 930000 filas...
[2026-07-30T18:59:06.791814]       Leídas 940000 filas...
[2026-07-30T18:59:07.321684]       Leídas 950000 filas...
[2026-07-30T18:59:07.819782]       Leídas 960000 filas...
[2026-07-30T18:59:08.368635]       Leídas 970000 filas...
[2026-07-30T18:59:08.881203]       Leídas 980000 filas...
[2026-07-30T18:59:09.374832]       Leídas 990000 filas...
[2026-07-30T18:59:10.029240]       Leídas 1000000 filas...
[2026-07-30T18:59:10.530655]       Leídas 1010000 filas...
[2026-07-30T18:59:11.127981]       Leídas 1020000 filas...
[2026-07-30T18:59:12.050669]       Leídas 1030000 filas...
[2026-07-30T18:59:12.716250]       Leídas 1040000 filas...
[2026-07-30T18:59:13.223082]       Leídas 1050000 filas...
[2026-07-30T18:59:13.825236]       Leídas 1060000 filas...
[2026-07-30T18:59:14.343698]       Leídas 1070000 filas...
[2026-07-30T18:59:14.989545]       Leídas 1080000 filas...
[2026-07-30T18:59:15.686962]       Leídas 1090000 filas...
[2026-07-30T18:59:16.275792]       Leídas 1100000 filas...
[2026-07-30T18:59:16.869895]       Leídas 1110000 filas...
[2026-07-30T18:59:17.467985]       Leídas 1120000 filas...
[2026-07-30T18:59:18.371441]       Leídas 1130000 filas...
[2026-07-30T18:59:19.090604]       Leídas 1140000 filas...
[2026-07-30T18:59:19.598012]       Leídas 1150000 filas...
[2026-07-30T18:59:20.073956]       Leídas 1160000 filas...
[2026-07-30T18:59:20.552284]       Leídas 1170000 filas...
[2026-07-30T18:59:21.048920]       Leídas 1180000 filas...
[2026-07-30T18:59:21.625475]       Leídas 1190000 filas...
[2026-07-30T18:59:22.145251]       Leídas 1200000 filas...
[2026-07-30T18:59:22.623948]       Leídas 1210000 filas...
[2026-07-30T18:59:23.124571]       Leídas 1220000 filas...
[2026-07-30T18:59:23.568172]       Leídas 1230000 filas...
[2026-07-30T18:59:24.088120]       Leídas 1240000 filas...
[2026-07-30T18:59:24.673861]       Leídas 1250000 filas...
[2026-07-30T18:59:25.218397]       Leídas 1260000 filas...
[2026-07-30T18:59:25.767295]       Leídas 1270000 filas...
[2026-07-30T18:59:26.297350]       Leídas 1280000 filas...
[2026-07-30T18:59:26.883428]       Leídas 1290000 filas...
[2026-07-30T18:59:27.479019]       Leídas 1300000 filas...
[2026-07-30T18:59:28.070396]       Leídas 1310000 filas...
[2026-07-30T18:59:28.715103]       Leídas 1320000 filas...
[2026-07-30T18:59:29.311413]       Leídas 1330000 filas...
[2026-07-30T18:59:29.973592]       Leídas 1340000 filas...
[2026-07-30T18:59:30.520309]       Leídas 1350000 filas...
[2026-07-30T18:59:31.024667]       Leídas 1360000 filas...
[2026-07-30T18:59:31.528475]       Leídas 1370000 filas...
[2026-07-30T18:59:31.968253]       Leídas 1380000 filas...
[2026-07-30T18:59:32.456379]       Leídas 1390000 filas...
[2026-07-30T18:59:32.943045]       Leídas 1400000 filas...
[2026-07-30T18:59:33.411470]       Leídas 1410000 filas...
[2026-07-30T18:59:33.929464]       Leídas 1420000 filas...
[2026-07-30T18:59:34.491746]       Leídas 1430000 filas...
[2026-07-30T18:59:34.986864]       Leídas 1440000 filas...
[2026-07-30T18:59:35.436521]       Leídas 1450000 filas...
[2026-07-30T18:59:35.925025]       Leídas 1460000 filas...
[2026-07-30T18:59:36.334128]       Leídas 1470000 filas...
[2026-07-30T18:59:36.751808]       Leídas 1480000 filas...
[2026-07-30T18:59:37.193286]       Leídas 1490000 filas...
[2026-07-30T18:59:37.640457]       Leídas 1500000 filas...
[2026-07-30T18:59:38.028846]       Leídas 1510000 filas...
[2026-07-30T18:59:38.359679]       Leídas 1520000 filas...
[2026-07-30T18:59:38.670270]       Leídas 1530000 filas...
[2026-07-30T18:59:39.032265]       Leídas 1540000 filas...
[2026-07-30T18:59:39.464606]       Leídas 1550000 filas...
[2026-07-30T18:59:39.856664]       Leídas 1560000 filas...
[2026-07-30T18:59:40.255460]       Leídas 1570000 filas...
[2026-07-30T18:59:40.687751]       Leídas 1580000 filas...
[2026-07-30T18:59:41.053267]       Leídas 1590000 filas...
[2026-07-30T18:59:41.403797]       Leídas 1600000 filas...
[2026-07-30T18:59:41.779759]       Leídas 1610000 filas...
[2026-07-30T18:59:42.175667]       Leídas 1620000 filas...
[2026-07-30T18:59:42.559410]       Leídas 1630000 filas...
[2026-07-30T18:59:42.974181]       Leídas 1640000 filas...
[2026-07-30T18:59:43.543069]       Leídas 1650000 filas...
[2026-07-30T18:59:44.086241]       Leídas 1660000 filas...
[2026-07-30T18:59:44.541316]       Leídas 1670000 filas...
[2026-07-30T18:59:45.033397]       Leídas 1680000 filas...
[2026-07-30T18:59:45.477844]       Leídas 1690000 filas...
[2026-07-30T18:59:46.100664]       Leídas 1700000 filas...
[2026-07-30T18:59:46.748211]       Leídas 1710000 filas...
[2026-07-30T18:59:47.404224]       Leídas 1720000 filas...
[2026-07-30T18:59:48.075257]       Leídas 1730000 filas...
[2026-07-30T18:59:48.672585]       Leídas 1740000 filas...
[2026-07-30T18:59:49.487453]       Leídas 1750000 filas...
[2026-07-30T18:59:50.163311]       Leídas 1760000 filas...
[2026-07-30T18:59:50.978389]       Leídas 1770000 filas...
[2026-07-30T18:59:51.563629]       Leídas 1780000 filas...
[2026-07-30T18:59:52.110581]       Leídas 1790000 filas...
[2026-07-30T18:59:52.702635]       Leídas 1800000 filas...
[2026-07-30T18:59:53.259270]       Leídas 1810000 filas...
[2026-07-30T18:59:53.828290]       Leídas 1820000 filas...
[2026-07-30T18:59:54.295508]       Leídas 1830000 filas...
[2026-07-30T18:59:54.769333]       Leídas 1840000 filas...
[2026-07-30T18:59:55.332698]       Leídas 1850000 filas...
[2026-07-30T18:59:55.853080]       Leídas 1860000 filas...
[2026-07-30T18:59:56.354081]       Leídas 1870000 filas...
[2026-07-30T18:59:56.853643]       Leídas 1880000 filas...
[2026-07-30T18:59:57.359485]       Leídas 1890000 filas...
[2026-07-30T18:59:57.817243]       Leídas 1900000 filas...
[2026-07-30T18:59:58.297532]       Leídas 1910000 filas...
[2026-07-30T18:59:58.773268]       Leídas 1920000 filas...
[2026-07-30T18:59:59.260968]       Leídas 1930000 filas...
[2026-07-30T18:59:59.709277]       Leídas 1940000 filas...
[2026-07-30T19:00:00.187190]       Leídas 1950000 filas...
[2026-07-30T19:00:00.628274]       Leídas 1960000 filas...
[2026-07-30T19:00:01.062563]       Leídas 1970000 filas...
[2026-07-30T19:00:01.525863]       Leídas 1980000 filas...
[2026-07-30T19:00:02.006883]       Leídas 1990000 filas...
[2026-07-30T19:00:02.473082]       Leídas 2000000 filas...
[2026-07-30T19:00:03.251922]       Leídas 2010000 filas...
[2026-07-30T19:00:03.820144]       Leídas 2020000 filas...
[2026-07-30T19:00:04.442783]       Leídas 2030000 filas...
[2026-07-30T19:00:04.928126]       Leídas 2040000 filas...
[2026-07-30T19:00:05.547699]       Leídas 2050000 filas...
[2026-07-30T19:00:06.146352]       Leídas 2060000 filas...
[2026-07-30T19:00:06.600107]       Leídas 2070000 filas...
[2026-07-30T19:00:07.049867]       Leídas 2080000 filas...
[2026-07-30T19:00:07.511514]       Leídas 2090000 filas...
[2026-07-30T19:00:08.022821]       Leídas 2100000 filas...
[2026-07-30T19:00:08.500013]       Leídas 2110000 filas...
[2026-07-30T19:00:08.948835]       Leídas 2120000 filas...
[2026-07-30T19:00:09.361799]       Leídas 2130000 filas...
[2026-07-30T19:00:09.832009]       Leídas 2140000 filas...
[2026-07-30T19:00:10.457186]       Leídas 2150000 filas...
[2026-07-30T19:00:11.137620]       Leídas 2160000 filas...
[2026-07-30T19:00:11.836529]       Leídas 2170000 filas...
[2026-07-30T19:00:12.471719]       Leídas 2180000 filas...
[2026-07-30T19:00:13.126177]       Leídas 2190000 filas...
[2026-07-30T19:00:13.734389]       Leídas 2200000 filas...
[2026-07-30T19:00:14.562476]       Leídas 2210000 filas...
[2026-07-30T19:00:15.187454]       Leídas 2220000 filas...
[2026-07-30T19:00:15.803745]       Leídas 2230000 filas...
[2026-07-30T19:00:16.423425]       Leídas 2240000 filas...
[2026-07-30T19:00:16.971832]       Leídas 2250000 filas...
[2026-07-30T19:00:17.467227]       Leídas 2260000 filas...
[2026-07-30T19:00:17.910799]       Leídas 2270000 filas...
[2026-07-30T19:00:18.419792]       Leídas 2280000 filas...
[2026-07-30T19:00:18.904643]       Leídas 2290000 filas...
[2026-07-30T19:00:19.342951]       Leídas 2300000 filas...
[2026-07-30T19:00:19.872562]       Leídas 2310000 filas...
[2026-07-30T19:00:20.369099]       Leídas 2320000 filas...
[2026-07-30T19:00:20.833074]       Leídas 2330000 filas...
[2026-07-30T19:00:21.296190]       Leídas 2340000 filas...
[2026-07-30T19:00:21.747983]       Leídas 2350000 filas...
[2026-07-30T19:00:22.215534]       Leídas 2360000 filas...
[2026-07-30T19:00:22.675610]       Leídas 2370000 filas...
[2026-07-30T19:00:23.136285]       Leídas 2380000 filas...
[2026-07-30T19:00:23.627638]       Leídas 2390000 filas...
[2026-07-30T19:00:24.071977]       Leídas 2400000 filas...
[2026-07-30T19:00:24.508100]       Leídas 2410000 filas...
[2026-07-30T19:00:24.949505]       Leídas 2420000 filas...
[2026-07-30T19:00:25.438637]       Leídas 2430000 filas...
[2026-07-30T19:00:25.998582]       Leídas 2440000 filas...
[2026-07-30T19:00:26.614159]       Leídas 2450000 filas...
[2026-07-30T19:00:27.130252]       Leídas 2460000 filas...
[2026-07-30T19:00:27.627864]       Leídas 2470000 filas...
[2026-07-30T19:00:28.085326]       Leídas 2480000 filas...
[2026-07-30T19:00:28.532619]       Leídas 2490000 filas...
[2026-07-30T19:00:28.985456]       Leídas 2500000 filas...
[2026-07-30T19:00:29.492147]       Leídas 2510000 filas...
[2026-07-30T19:00:30.052933]       Leídas 2520000 filas...
[2026-07-30T19:00:30.633748]       Leídas 2530000 filas...
[2026-07-30T19:00:31.553184]       Leídas 2540000 filas...
[2026-07-30T19:00:32.154098]       Leídas 2550000 filas...
[2026-07-30T19:00:32.757815]       Leídas 2560000 filas...
[2026-07-30T19:00:33.283479]       Leídas 2570000 filas...
[2026-07-30T19:00:33.718667]       Leídas 2580000 filas...
[2026-07-30T19:00:34.141234]       Leídas 2590000 filas...
[2026-07-30T19:00:34.584120]       Leídas 2600000 filas...
[2026-07-30T19:00:35.002004]       Leídas 2610000 filas...
[2026-07-30T19:00:35.476563]       Leídas 2620000 filas...
[2026-07-30T19:00:36.229853]       Leídas 2630000 filas...
[2026-07-30T19:00:36.802657]       Leídas 2640000 filas...
[2026-07-30T19:00:37.271027]       Leídas 2650000 filas...
[2026-07-30T19:00:37.739556]       Leídas 2660000 filas...
[2026-07-30T19:00:38.233609]       Leídas 2670000 filas...
[2026-07-30T19:00:38.715941]       Leídas 2680000 filas...
[2026-07-30T19:00:39.110515]       Leídas 2690000 filas...
[2026-07-30T19:00:39.595935]       Leídas 2700000 filas...
[2026-07-30T19:00:40.119255]       Leídas 2710000 filas...
[2026-07-30T19:00:40.560386]       Leídas 2720000 filas...
[2026-07-30T19:00:40.957686]       Leídas 2730000 filas...
[2026-07-30T19:00:41.411846]       Leídas 2740000 filas...
[2026-07-30T19:00:41.819161]       Leídas 2750000 filas...
[2026-07-30T19:00:42.261387]       Leídas 2760000 filas...
[2026-07-30T19:00:42.723579]       Leídas 2770000 filas...
[2026-07-30T19:00:43.123817]       Leídas 2780000 filas...
[2026-07-30T19:00:43.511473]       Leídas 2790000 filas...
[2026-07-30T19:00:43.890086]       Leídas 2800000 filas...
[2026-07-30T19:00:44.356618]       Leídas 2810000 filas...
[2026-07-30T19:00:44.982518]       Leídas 2820000 filas...
[2026-07-30T19:00:45.630886]       Leídas 2830000 filas...
[2026-07-30T19:00:46.166046]       Leídas 2840000 filas...
[2026-07-30T19:00:46.642886]       Leídas 2850000 filas...
[2026-07-30T19:00:47.144323]       Leídas 2860000 filas...
[2026-07-30T19:00:47.673032]       Leídas 2870000 filas...
[2026-07-30T19:00:48.250210]       Leídas 2880000 filas...
[2026-07-30T19:00:48.909896]       Leídas 2890000 filas...
[2026-07-30T19:00:49.420829]       Leídas 2900000 filas...
[2026-07-30T19:00:49.888309]       Leídas 2910000 filas...
[2026-07-30T19:00:50.337700]       Leídas 2920000 filas...
[2026-07-30T19:00:50.776903]       Leídas 2930000 filas...
[2026-07-30T19:00:51.239142]       Leídas 2940000 filas...
[2026-07-30T19:00:51.693220]       Leídas 2950000 filas...
[2026-07-30T19:00:52.134177]       Leídas 2960000 filas...
[2026-07-30T19:00:52.543045]       Leídas 2970000 filas...
[2026-07-30T19:00:52.953418]       Leídas 2980000 filas...
[2026-07-30T19:00:53.400793]       Leídas 2990000 filas...
[2026-07-30T19:00:53.820207]       Leídas 3000000 filas...
[2026-07-30T19:00:54.236915]       Leídas 3010000 filas...
[2026-07-30T19:00:54.820427]       Leídas 3020000 filas...
[2026-07-30T19:00:55.320613]       Leídas 3030000 filas...
[2026-07-30T19:00:55.923416]       Leídas 3040000 filas...
[2026-07-30T19:00:56.374027]       Leídas 3050000 filas...
[2026-07-30T19:00:56.879833]       Leídas 3060000 filas...
[2026-07-30T19:00:57.388158]       Leídas 3070000 filas...
[2026-07-30T19:00:57.833289]       Leídas 3080000 filas...
[2026-07-30T19:00:58.297587]       Leídas 3090000 filas...
[2026-07-30T19:00:58.697061]       Leídas 3100000 filas...
[2026-07-30T19:00:59.159776]       Leídas 3110000 filas...
[2026-07-30T19:00:59.599667]       Leídas 3120000 filas...
[2026-07-30T19:00:59.985964]       Leídas 3130000 filas...
[2026-07-30T19:01:00.402081]       Leídas 3140000 filas...
[2026-07-30T19:01:00.814584]       Leídas 3150000 filas...
[2026-07-30T19:01:01.261766]       Leídas 3160000 filas...
[2026-07-30T19:01:01.757503]       Leídas 3170000 filas...
[2026-07-30T19:01:02.204465]       Leídas 3180000 filas...
[2026-07-30T19:01:02.625514]       Leídas 3190000 filas...
[2026-07-30T19:01:03.075446]       Leídas 3200000 filas...
[2026-07-30T19:01:03.559237]       Leídas 3210000 filas...
[2026-07-30T19:01:04.022288]       Leídas 3220000 filas...
[2026-07-30T19:01:04.562475]       Leídas 3230000 filas...
[2026-07-30T19:01:04.969039]       Leídas 3240000 filas...
[2026-07-30T19:01:05.420402]       Leídas 3250000 filas...
[2026-07-30T19:01:05.850800]       Leídas 3260000 filas...
[2026-07-30T19:01:06.259180]       Leídas 3270000 filas...
[2026-07-30T19:01:06.690605]       Leídas 3280000 filas...
[2026-07-30T19:01:07.088469]       Leídas 3290000 filas...
[2026-07-30T19:01:07.480865]       Leídas 3300000 filas...
[2026-07-30T19:01:07.866566]       Leídas 3310000 filas...
[2026-07-30T19:01:08.261733]       Leídas 3320000 filas...
[2026-07-30T19:01:08.633867]       Leídas 3330000 filas...
[2026-07-30T19:01:09.020221]       Leídas 3340000 filas...
[2026-07-30T19:01:09.404722]       Leídas 3350000 filas...
[2026-07-30T19:01:09.822966]       Leídas 3360000 filas...
[2026-07-30T19:01:10.370269]       Leídas 3370000 filas...
[2026-07-30T19:01:10.792280]       Leídas 3380000 filas...
[2026-07-30T19:01:11.197627]       Leídas 3390000 filas...
[2026-07-30T19:01:11.623541]       Leídas 3400000 filas...
[2026-07-30T19:01:12.018833]       Leídas 3410000 filas...
[2026-07-30T19:01:12.393359]       Leídas 3420000 filas...
[2026-07-30T19:01:12.772676]       Leídas 3430000 filas...
[2026-07-30T19:01:13.297814]       Leídas 3440000 filas...
[2026-07-30T19:01:13.741369]       Leídas 3450000 filas...
[2026-07-30T19:01:14.154456]       Leídas 3460000 filas...
[2026-07-30T19:01:14.605814]       Leídas 3470000 filas...
[2026-07-30T19:01:15.083451]       Leídas 3480000 filas...
[2026-07-30T19:01:15.704336]       Leídas 3490000 filas...
[2026-07-30T19:01:16.295644]       Leídas 3500000 filas...
[2026-07-30T19:01:16.845196]       Leídas 3510000 filas...
[2026-07-30T19:01:17.374551]       Leídas 3520000 filas...
[2026-07-30T19:01:17.870684]       Leídas 3530000 filas...
[2026-07-30T19:01:18.256859]       Leídas 3540000 filas...
[2026-07-30T19:01:18.645504]       Leídas 3550000 filas...
[2026-07-30T19:01:19.031879]       Leídas 3560000 filas...
[2026-07-30T19:01:19.498362]       Leídas 3570000 filas...
[2026-07-30T19:01:19.946350]       Leídas 3580000 filas...
[2026-07-30T19:01:20.441562]       Leídas 3590000 filas...
[2026-07-30T19:01:20.913765]       Leídas 3600000 filas...
[2026-07-30T19:01:21.302289]       Leídas 3610000 filas...
[2026-07-30T19:01:21.651511]       Leídas 3620000 filas...
[2026-07-30T19:01:22.070974]       Leídas 3630000 filas...
[2026-07-30T19:01:22.558870]       Leídas 3640000 filas...
[2026-07-30T19:01:23.052334]       Leídas 3650000 filas...
[2026-07-30T19:01:23.524441]       Leídas 3660000 filas...
[2026-07-30T19:01:23.963162]       Leídas 3670000 filas...
[2026-07-30T19:01:24.401853]       Leídas 3680000 filas...
[2026-07-30T19:01:24.839681]       Leídas 3690000 filas...
[2026-07-30T19:01:25.288602]       Leídas 3700000 filas...
[2026-07-30T19:01:25.719533]       Leídas 3710000 filas...
[2026-07-30T19:01:26.194841]       Leídas 3720000 filas...
[2026-07-30T19:01:26.609319]       Leídas 3730000 filas...
[2026-07-30T19:01:27.054205]       Leídas 3740000 filas...
[2026-07-30T19:01:27.526325]       Leídas 3750000 filas...
[2026-07-30T19:01:27.992624]       Leídas 3760000 filas...
[2026-07-30T19:01:28.437796]       Leídas 3770000 filas...
[2026-07-30T19:01:28.930786]       Leídas 3780000 filas...
[2026-07-30T19:01:29.364767]       Leídas 3790000 filas...
[2026-07-30T19:01:29.768118]       Leídas 3800000 filas...
[2026-07-30T19:01:30.156390]       Leídas 3810000 filas...
[2026-07-30T19:01:30.569959]       Leídas 3820000 filas...
[2026-07-30T19:01:30.966109]       Leídas 3830000 filas...
[2026-07-30T19:01:31.405635]       Leídas 3840000 filas...
[2026-07-30T19:01:31.825280]       Leídas 3850000 filas...
[2026-07-30T19:01:32.237853]       Leídas 3860000 filas...
[2026-07-30T19:01:32.626336]       Leídas 3870000 filas...
[2026-07-30T19:01:33.005529]       Leídas 3880000 filas...
[2026-07-30T19:01:33.399551]       Leídas 3890000 filas...
[2026-07-30T19:01:33.837537]       Leídas 3900000 filas...
[2026-07-30T19:01:34.270785]       Leídas 3910000 filas...
[2026-07-30T19:01:34.792253]       Leídas 3920000 filas...
[2026-07-30T19:01:35.317632]       Leídas 3930000 filas...
[2026-07-30T19:01:35.761293]       Leídas 3940000 filas...
[2026-07-30T19:01:36.185001]       Leídas 3950000 filas...
[2026-07-30T19:01:36.596944]       Leídas 3960000 filas...
[2026-07-30T19:01:37.014578]       Leídas 3970000 filas...
[2026-07-30T19:01:37.509561]       Leídas 3980000 filas...
[2026-07-30T19:01:38.020718]       Leídas 3990000 filas...
[2026-07-30T19:01:38.504897]       Leídas 4000000 filas...
[2026-07-30T19:01:38.967752]       Leídas 4010000 filas...
[2026-07-30T19:01:39.399433]       Leídas 4020000 filas...
[2026-07-30T19:01:39.809133]       Leídas 4030000 filas...
[2026-07-30T19:01:40.218769]       Leídas 4040000 filas...
[2026-07-30T19:01:40.716949]       Leídas 4050000 filas...
[2026-07-30T19:01:41.191360]       Leídas 4060000 filas...
[2026-07-30T19:01:41.627400]       Leídas 4070000 filas...
[2026-07-30T19:01:42.095633]       Leídas 4080000 filas...
[2026-07-30T19:01:42.498426]       Leídas 4090000 filas...
[2026-07-30T19:01:42.891306]       Leídas 4100000 filas...
[2026-07-30T19:01:43.301998]       Leídas 4110000 filas...
[2026-07-30T19:01:43.729551]       Leídas 4120000 filas...
[2026-07-30T19:01:44.177236]       Leídas 4130000 filas...
[2026-07-30T19:01:44.814792]       Leídas 4140000 filas...
[2026-07-30T19:01:45.304259]       Leídas 4150000 filas...
[2026-07-30T19:01:45.726396]       Leídas 4160000 filas...
[2026-07-30T19:01:46.200847]       Leídas 4170000 filas...
[2026-07-30T19:01:46.689517]       Leídas 4180000 filas...
[2026-07-30T19:01:47.177403]       Leídas 4190000 filas...
[2026-07-30T19:01:47.682184]       Leídas 4200000 filas...
[2026-07-30T19:01:48.097567]       Leídas 4210000 filas...
[2026-07-30T19:01:48.571699]       Leídas 4220000 filas...
[2026-07-30T19:01:49.042010]       Leídas 4230000 filas...
[2026-07-30T19:01:49.508536]       Leídas 4240000 filas...
[2026-07-30T19:01:49.990643]       Leídas 4250000 filas...
[2026-07-30T19:01:50.449434]       Leídas 4260000 filas...
[2026-07-30T19:01:50.915150]       Leídas 4270000 filas...
[2026-07-30T19:01:51.374947]       Leídas 4280000 filas...
[2026-07-30T19:01:51.780158]       Leídas 4290000 filas...
[2026-07-30T19:01:52.186767]       Leídas 4300000 filas...
[2026-07-30T19:01:52.591386]       Leídas 4310000 filas...
[2026-07-30T19:01:53.000205]       Leídas 4320000 filas...
[2026-07-30T19:01:53.547618]       Leídas 4330000 filas...
[2026-07-30T19:01:54.056060]       Leídas 4340000 filas...
[2026-07-30T19:01:54.447927]       Leídas 4350000 filas...
[2026-07-30T19:01:54.842292]       Leídas 4360000 filas...
[2026-07-30T19:01:55.222561]       Leídas 4370000 filas...
[2026-07-30T19:01:55.605065]       Leídas 4380000 filas...
[2026-07-30T19:01:55.964341]       Leídas 4390000 filas...
[2026-07-30T19:01:56.413137]       Leídas 4400000 filas...
[2026-07-30T19:01:56.849965]       Leídas 4410000 filas...
[2026-07-30T19:01:57.276263]       Leídas 4420000 filas...
[2026-07-30T19:01:57.677649]       Leídas 4430000 filas...
[2026-07-30T19:01:58.082116]       Leídas 4440000 filas...
[2026-07-30T19:01:58.567703]       Leídas 4450000 filas...
[2026-07-30T19:01:58.975132]       Leídas 4460000 filas...
[2026-07-30T19:01:59.395258]       Leídas 4470000 filas...
[2026-07-30T19:01:59.805616]       Leídas 4480000 filas...
[2026-07-30T19:02:00.305295]       Leídas 4490000 filas...
[2026-07-30T19:02:00.747878]       Leídas 4500000 filas...
[2026-07-30T19:02:01.150663]       Leídas 4510000 filas...
[2026-07-30T19:02:01.529410]       Leídas 4520000 filas...
[2026-07-30T19:02:01.887665]       Leídas 4530000 filas...
[2026-07-30T19:02:01.987048] [ETL] Procesamiento completado:
[2026-07-30T19:02:01.987426]       Filas leídas: 4,532,767
[2026-07-30T19:02:01.987669]       Filas filtradas: 28236
[2026-07-30T19:02:02.458814] [SAVE] Guardado: datasets\2026-07\off_productos.json
[2026-07-30T19:02:02.459134] [SAVE] Total: 28236 productos
[2026-07-30T19:02:02.468502] [STATS] Cobertura por insumo:
[2026-07-30T19:02:02.494740]         arándano: 5438
[2026-07-30T19:02:02.529352]         palta: 3058
[2026-07-30T19:02:02.557668]         espárrago: 760
[2026-07-30T19:02:02.581904]         mango: 10927
[2026-07-30T19:02:02.616948]         quinua: 8969
