[2026-07-30T19:16:10.520891] ======================================================================
[2026-07-30T19:16:10.521425] TIER 3: Merge y Deduplicación
[2026-07-30T19:16:10.521665] ======================================================================
[2026-07-30T19:16:10.862243] [LOAD] OFF: 28236 productos
[2026-07-30T19:16:10.863221] [LOAD] USDA: 0 productos
[2026-07-30T19:16:10.863408] [MERGE] Iniciando merge y deduplicación...
[2026-07-30T19:16:10.864226] [MERGE] Duplicados removidos: 0
[2026-07-30T19:16:10.864426] [MERGE] Total final: 28236
[2026-07-30T19:16:10.864632] [VALID] Estructura OK
[2026-07-30T19:16:10.864809] [VALID] Total validado: 28236
[2026-07-30T19:16:11.253505] [SAVE] Guardado: datasets\2026-07\productos_merged.json
[2026-07-30T19:16:11.253953] [SAVE] Total: 28236 productos
[2026-07-30T19:16:11.258430] [STATS] Composición:
[2026-07-30T19:16:11.258857]         OFF:  28236
[2026-07-30T19:16:11.259217]         USDA: 0
[2026-07-30T19:16:11.259503] [SUCCESS] TIER 3 completado
[2026-07-30T19:16:11.259702] ======================================================================
[2026-08-02T07:56:28.355983] ======================================================================
[2026-08-02T07:56:28.356520] TIER 3: Merge y Deduplicación
[2026-08-02T07:56:28.356520] ======================================================================
[2026-08-02T07:56:28.630255] [LOAD] OFF: 28236 productos
[2026-08-02T07:56:28.651200] [LOAD] USDA: 990 productos
[2026-08-02T07:56:28.651200] [MERGE] Iniciando merge y deduplicación...
[2026-08-02T07:56:28.661885] [MERGE] Duplicados removidos: 172
[2026-08-02T07:56:28.661885] [MERGE] Total final: 29054
[2026-08-02T07:56:28.667252] [VALID] Estructura OK
[2026-08-02T07:56:28.667252] [VALID] Total validado: 29054
[2026-08-02T07:56:29.031794] [SAVE] Guardado: datasets\2026-07\productos_merged.json
[2026-08-02T07:56:29.031794] [SAVE] Total: 29054 productos
[2026-08-02T07:56:29.041082] [STATS] Composición:
[2026-08-02T07:56:29.041082]         OFF:  28236
[2026-08-02T07:56:29.041082]         USDA: 818
[2026-08-02T07:56:29.041082] [SUCCESS] TIER 3 completado
[2026-08-02T07:56:29.041082] ======================================================================
